---
source: tests/tui_snapshot_test.rs
assertion_line: 1030
expression: output
---
 Current Mode: Online (any)    Dialogs: 3 (3 displayed)  [A]
 Match Expression:     BPF Filter:
 Time: Delta-first
  # ▲   Method    From To    Sourc Desti State      Msgs Date     PDD    Duratio
> [ ]1  INVITE    1001 1002  10.0. 10.0. Completed  4    +0.000s  1000ms 1m2s
  [ ]2  INVITE    1003 1004  10.0. 10.0. FAILED ⚠   2    +5.000s         1.0s
  [ ]3  INVITE    1005 1006  10.0. 10.0. InCall     2    +10.000s        2.0s
















Esc Quit  F1 Help  Enter Show  Tab Streams  F2 Save  F3 Search  F6 Raw  F7 Filte
