---
source: tests/tui_snapshot_test.rs
expression: output
---
 Current Mode: Online (any)    Dialogs: 3 (3 displayed)  [A]
 Match Expression:     BPF Filter:
 Display Filter:
┌ Endpoint ────────────────────────────────────────────────────────────────────┐
│Endpoint ip 10.0.0.1                                                          │
│                                                                              │
│  Dialogs: 3    Messages sent: 4  received: 4                                 │
│                                                                              │
│  By method:   INVITE 3                                                       │
│  By state:    Completed 1, Failed 1, InCall 1                                │
│                                                                              │
│  INVITEs: 3   with final: 3   failed: 1   (33.3% fail)                       │
│                                                                              │
│  Registration: not applicable                                                │
│                                                                              │
│  Banners: none                                                               │
│                                                                              │
│  Streams: none                                                               │
│                                                                              │
│  Recent calls (3/3):                                                         │
│    call-1@test                                                               │
│    call-3@test                                                               │
└──────────────────────────────────────────────────────────────────────────────┘
Esc Back
