---
source: tests/tui_snapshot_test.rs
expression: output
---
 Current Mode: Online (any)    Dialogs: 3 (3 displayed)  [A]
 Match Expression:     BPF Filter:
 Display Filter:
┌ Statistics ──────────────────────────────────────────────┐
│sipnab Statistics                                         │
│                                                          │
│Dialogs:           3                                      │
│Active Calls:      1                                      │
│Total Messages:    8                                      │
│RTP Streams:       0                                      │
│Orphaned Streams:  0                                      │
│                                                          │
│Dialog States:                                            │
│  Completed        1                                      │
│  Failed           1                                      │
│  InCall           1                                      │
│                                                          │
│Method Distribution:                                      │
└──────────────────────────────────────────────────────────┘
Esc Back
