---
source: tests/tui_snapshot_test.rs
expression: output
---
 Current Mode: Online (any)    Dialogs: 1 (1 displayed)  [A]
 Match Expression:     BPF Filter:
 Display Filter:
  # ▲  Method  From To   Source      Destination State      Msgs Date     PDD
>  1   INVITE  1003 1004 10.0.0.1    10.0.0.2    FAILED     2    +0.000s


















Esc Quit  Enter Show  Tab Streams  F2 Save  F3 Search  F6 Raw  F7 Filter  F9 Add
