---
source: tests/tui_snapshot_test.rs
assertion_line: 903
expression: output
---
 Current Mode: Online (any)    Dialogs: 3 (3 displayed)  [A]
 Match Expression:     BPF Filter:
 Display Filter:
  # ▲  Meth From To   Sour Dest Stat Msgs Date  PDD    Durat
> [ ]1 INVI 1001 1002 10.0 10.0 Comp 4    +0.00 1000ms 1m2s
  [ ]2 INVI 1003 1004 10.0 10.0 FAIL 2    +5.00        1.0s
  [ ]3 INVI 1005 1006 10.0 10.0 InCa 2    +5.00        2.0s







Esc Quit  F1 Help  Enter Show  Tab Streams  F2 Save  F7 Filt
