---
source: tests/tui_snapshot_test.rs
expression: output
---
 Live capture: any    Dialogs: 1 shown of 3    Autoscroll: on
 Capture filter (BPF): none
 View filter: from.user =~ '1003'
  # ▲    Method    From To   Source          Destination     State      Msgs +Prev    PDD    Duratio
> [ ] 1  INVITE    1003 1004 10.0.0.1        10.0.0.2        FAILED ⚠   2    +0.000s         1.0s


















Esc Quit  F1 Help  Enter Open call  Tab Streams  O Open file  F2 Save  F7 Filter  F9 Clear filter
