---
source: tests/tui_snapshot_test.rs
expression: output
---
┌ Call List (Tab: Streams | Enter: Flow | F1: Help) ───────────────────────────┐
│                             No SIP dialogs found.                            │
│                                                                              │
│            If reading a pcap file, it may not contain SIP traffic.           │
│                        Press 'q' to quit, F1 for help.                       │
│                                                                              │
│                                                                              │
│                                                                              │
│                                                                              │
│                                                                              │
│                                                                              │
│                                                                              │
│                                                                              │
│                                                                              │
│                                                                              │
│                                                                              │
│                                                                              │
│                                                                              │
│                                                                              │
│                                                                              │
│                                                                              │
│                                                                              │
└──────────────────────────────────────────────────────────────────────────────┘
 sipnab | Call List | Dialogs: 0 (active: 0) | Streams: 0 | F1:Help q:Quit
