---
source: tests/tui_snapshot_test.rs
expression: output
---
┌ Call Flow: call-1@test ──────────────────────────────────────────────────────────────────────────┐
│             10.0.0.1:5060                                 10.0.0.2:5060                          │
│                   |                                             |                                │
│12:00:00           |          -- INVITE ------------->         |                                  │
│12:00:01           |          <-------- 180 Ringing --         |            PDD: 1000ms           │
│12:00:02           |          <------------- 200 OK --         |                                  │
│12:01:02           |          -- BYE ---------------->         |                                  │
│                   |                                             |                                │
│                                                                                                  │
│                                                                                                  │
│                                                                                                  │
│                                                                                                  │
│                                                                                                  │
│                                                                                                  │
│                                                                                                  │
│                                                                                                  │
│                                                                                                  │
│                                                                                                  │
│                                                                                                  │
│                                                                                                  │
│                                                                                                  │
│                                                                                                  │
│                                                                                                  │
│                                                                                                  │
│                                                                                                  │
│                                                                                                  │
└──────────────────────────────────────────────────────────────────────────────────────────────────┘

 Current Mode: Online (any)    Dialogs: 3    Match Expression:     BPF Filter:
F1Help  F2Save  F5Compare  F7Filter  F9ClearFilter
