---
source: tests/tui_snapshot_test.rs
expression: output
---
 Current Mode: Online (any)    Dialogs: 1 (1 displayed)
 Match Expression:     BPF Filter:
 Display Filter:
   #    Method   From     To        Source   Destinat State    Msgs  Date  PDD
>  1    INVITE   1003     1004      10.0.0.1 10.0.0.2 FAILED   2     12:00


















Esc Quit  Enter Show  F2 Save  F3 Search  F4 Extended  F5 Clear  F6 Raw  F7 Filt
