---
source: tests/tui_snapshot_test.rs
assertion_line: 1057
expression: output
---
 Current Mode: Online (any)    Dialogs: 3 (3 displayed)  [A]
 Match Expression:     BPF Filter:
 Display Filter:
  # ▲   Method    Fro┌ Columns ───────────────────────────┐te     PDD    Duratio
> [ ]1  INVITE    100│> [x] #                             │.000s  1000ms 1m2s
  [ ]2  INVITE    100│  [x] Method                        │.000s         1.0s
  [ ]3  INVITE    100│  [x] From                          │.000s         2.0s
                     │  [x] To                            │
                     │  [x] Source                        │
                     │  [x] Destination                   │
                     │  [x] State                         │
                     │  [x] Msgs                          │
                     │  [x] Date                          │
                     │  [x] PDD                           │
                     │  [x] Duration                      │
                     │                                    │
                     │  Space: toggle  Enter: apply       │
                     │  s: save layout to config          │
                     │                                    │
                     └────────────────────────────────────┘



Esc Quit  F1 Help  Enter Show  Tab Streams  F2 Save  F3 Search  F6 Raw  F7 Filte
