---
source: tests/tui_snapshot_test.rs
expression: output
---
 Live capture: any    Dialogs: 3 shown of 3    Autoscroll: on
 Capture filter (BPF): none
 View filter: none
┌ Top talkers (by source IP) ──────────────────────────────────────────────────┐
│#   Source IP                Dialogs Messages INVITEs Answered Failed         │
│1   10.0.0.1                       3        4       3        2      1         │
│2   10.0.0.2                       3        4       3        2      1         │
│                                                                              │
│2 distinct talkers.                                                           │
│A participant is credited for every dialog it took part in, so shares overlap.│
│                                                                              │
│Press Esc to return.                                                          │
│                                                                              │
│                                                                              │
│                                                                              │
│                                                                              │
│                                                                              │
│                                                                              │
└──────────────────────────────────────────────────────────────────────────────┘
Esc Back  F1 Help  ↑↓ Scroll  PgUp/Dn Page
