---
source: tests/tui_snapshot_test.rs
expression: output
---
 Live captur┌ Filter ──────────────────────────────────────────────┐
 Capture fil│                                                      │
 View filter│  From user:       [                               ]  │
  # ▲    Met│  To user:         [                               ]  │D    Duratio
            │  Source IP:       [                               ]  │
  No SIP dia│  Destination IP:  [                               ]  │
            │  Text in message: [                               ]  │
  Waiting fo│  Header:          [Name: text                     ]  │
  Check the │  After:           [2026-07-07T08:00:00Z           ]  │
  F1 shows h│  Before:          [2026-07-07T09:00:00Z           ]  │
            │  ──────────────────────────────────────────────────  │
            │  All       [*]                                       │
            │  REGISTER  [*]             OPTIONS   [*]             │
            │  INVITE    [*]             PUBLISH   [*]             │
            │  SUBSCRIBE [*]             MESSAGE   [*]             │
            │  NOTIFY    [*]             REFER     [*]             │
            │  INFO      [*]             UPDATE    [*]             │
            │                                                      │
            │     [ Filter ]                 [ Cancel ]            │
            │                                                      │
            │  Tab move · Enter apply · Esc cancel                 │
            │                                                      │
            └──────────────────────────────────────────────────────┘
Tab Next  Space Toggle  Enter Apply  Esc Cancel  F9 Clear
