---
source: tests/tui_snapshot_test.rs
expression: output
---
 Current Mode: Online (any)    Dialogs: 0 (0 displayed)
 Match Expression:     BPF Filter:
 Display Filter:
┌ Filter Expression (F7) ──────────────────────────────────────────────────────┐
│Enter filter expression (e.g., method == 'INVITE', state == 'Failed')         │
│                                                                              │
│Press Enter to apply, Esc to cancel                                           │
│                                                                              │
│                                                                              │
│                                                                              │
│                                                                              │
│                                                                              │
│                                                                              │
│                                                                              │
│                                                                              │
│                                                                              │
│                                                                              │
│                                                                              │
│                                                                              │
│                                                                              │
│                                                                              │
│                                                                              │
└──────────────────────────────────────────────────────────────────────────────┘
Esc Back
