---
source: tests/tui_snapshot_test.rs
assertion_line: 320
expression: output
---
┌ Call Flow: call-1@test (Esc: Back | Enter: Raw) ─────────────────────────────────────────────────┐
│     10.0.0.1:5060                                 10.0.0.2:5060                                  │
│           |                                             |                                        │
│           |          -- INVITE ------------->         |            +0.000s                       │
│           |          <-------- 180 Ringing --         |            +1.000s  PDD: 1000ms          │
│           |          <------------- 200 OK --         |            +2.000s                       │
│           |          -- BYE ---------------->         |            +62.000s                      │
│           |                                             |                                        │
│                                                                                                  │
│                                                                                                  │
│                                                                                                  │
│                                                                                                  │
│                                                                                                  │
│                                                                                                  │
│                                                                                                  │
│                                                                                                  │
│                                                                                                  │
│                                                                                                  │
│                                                                                                  │
│                                                                                                  │
│                                                                                                  │
│                                                                                                  │
│                                                                                                  │
│                                                                                                  │
│                                                                                                  │
│                                                                                                  │
│                                                                                                  │
│                                                                                                  │
└──────────────────────────────────────────────────────────────────────────────────────────────────┘
 sipnab | Call Flow | Dialogs: 3 (active: 1) | Streams: 0 | F1:Help q:Quit
