---
source: tests/tui_snapshot_test.rs
expression: output
---
 Live capture: any    Dialogs: 3 shown of 3    Autoscroll: on
 Capture filter (BPF): none
 Mark set
             10.0.0.1:5060                    10.0.0.2:5060 ┌ [2/4] 180 Ringing ───────────────────┐
             │                                    Δ +1.000s │SIP/2.0 180 Ringing                   │
     +0.000s │───────────────── INVITE ──────────────────▶│ │From: "Alice" <sip:1001@example.com>;t│
     +1.000s │◀╌╌╌╌╌╌╌╌╌╌╌╌╌╌╌ 180 Ringing ╌╌╌╌╌╌╌╌╌╌╌╌╌╌╌│ │ag=t1                                 │
     +1.000s │◀╌╌╌╌╌╌╌╌╌╌╌╌╌╌╌╌╌ 200 OK ╌╌╌╌╌╌╌╌╌╌╌╌╌╌╌╌╌╌│ │To: "Bob" <sip:1002@example.com>;tag=t│
    +60.000s │─────────────────── BYE ───────────────────▶│ │2                                     │
                                                            │Call-ID: call-1@test                  │
                                                            │CSeq: 1 INVITE                        │
                                                            │Content-Length: 0                     │
                                                            │                                      │
                                                            │                                      │
                                                            │                                      │
                                                            │                                      │
                                                            │                                      │
                                                            │                                      │
                                                            │                                      │
                                                            │                                      │
                                                            │                                      │
                                                            │                                      │
                                                            │                                      │
                                                            │                                      │
                                                            │                                      │
                                                            │                                      │
                                                            │                                      │
             │                                            │ │                                      │
             10.0.0.1:5060                    10.0.0.2:5060 └──────────────────────────────────────┘
Esc Back  F1 Help  ↑↓ Move  Enter Raw  d SDP  t Time  c Color  R Detail
