---
source: tests/tui_snapshot_test.rs
expression: output
---
 Current Mode: Online (any)    Dialogs: 3 (3 displayed)  [A]
 Match Expression:     BPF Filter:
 Raw preview: OFF
             10.0.0.1:5060                                                            10.0.0.2:5060
             │                                                                                    │
▎     +0.000s│───────────────────────────────────── INVITE ──────────────────────────────────────▶│
     +1.000s │◀╌╌╌╌╌╌╌╌╌╌╌╌╌╌╌╌╌╌╌╌╌╌╌╌╌╌╌╌╌╌╌╌╌╌╌ 180 Ringing ╌╌╌╌╌╌╌╌╌╌╌╌╌╌╌╌╌╌╌╌╌╌╌╌╌╌╌╌╌╌╌╌╌╌╌│
     +1.000s │◀╌╌╌╌╌╌╌╌╌╌╌╌╌╌╌╌╌╌╌╌╌╌╌╌╌╌╌╌╌╌╌╌╌╌╌╌╌ 200 OK ╌╌╌╌╌╌╌╌╌╌╌╌╌╌╌╌╌╌╌╌╌╌╌╌╌╌╌╌╌╌╌╌╌╌╌╌╌╌│
    +60.000s │─────────────────────────────────────── BYE ───────────────────────────────────────▶│


















             │                                                                                    │
             10.0.0.1:5060                                                            10.0.0.2:5060
Esc Back  ↑↓ Nav  Enter Raw  Space Diff  d SDP  t Time  c Color  R Split
