---
source: tests/tui_snapshot_test.rs
expression: output
---
 Current Mode: Online (any)    Dialogs: 0 (0 displayed)  [A]
 Match Expression:     BPF Filter:
 Display Filter:
  SSRC       Codec    Source                 Destination            Pkts     Jitter   Loss    Duration  Dialog             Status
> AAAABBBB   PCMU     10.0.0.1:20000         10.0.0.2:30000         1        0.0ms    0.0%    0s        call-1@test        OK
  CCCCDDDD   PCMA     10.0.0.3:20002         10.0.0.4:30002         1        0.0ms    0.0%    0s        -                  ORPHAN

















Esc Back  Enter Detail  Tab Calls  F2 Save WAV  F7 Filter
