---
source: tests/tui_snapshot_test.rs
assertion_line: 408
expression: output
---
 Current Mode: Online (any)    Dialogs: 0 (0 displayed)  [A]
 Match Expression:     BPF Filter:
 Display Filter:
# ▲   Method    From       To          State      Msgs Date     PDD    Duratio

  No SIP dialogs found.

  Waiting for SIP traffic on the capture source…
  Press 'q' to quit, F1 for help.














Esc Quit  F1 Help  Enter Show  Tab Streams  F2 Save  F7 Filter
