---
source: tests/tui_snapshot_test.rs
expression: output
---
 Current Mode: Online (any)    Dialogs: 0 (0 displayed)  [A]
 Match Expression:     BPF Filter:
 Display Filter:
SSRC    Codec   Source   Destina Pkts    Jitter  Loss    Duratio Dialog  Status



















Esc Back  Tab Calls  F7 Filter
