---
source: tests/tui_snapshot_test.rs
expression: output
---
 sipnab — SIP Messages Flow Viewer
   #    Method   From     To        Source   Destinat State    Msgs  Date  PDD
>  1    INVITE   1003     1004      10.0.0.1 10.0.0.2 FAILED   2     12:00



















 Current Mode: Online (any)    Dialogs: 1    Match Expression:     BPF Filter:
F1 Help F2 Save F3 Search F4 Extended F5 Compare F6 RTP F7 Filter F8 Settings F9
