---
source: tests/tui_snapshot_test.rs
expression: output
---
 Current Mode: Online (any)    Dialogs: 0 (0 displayed)  [A]
 Match Expression:     BPF Filter:
 Display Filter:
# ▲   Method   From To   Source      Destination State      Msgs Date     PDD

  No SIP dialogs found.

  If reading a pcap file, it may not contain SIP traffic.
  Press 'q' to quit, F1 for help.














Esc Quit  F1 Help  Enter Show  Tab Streams  F2 Save  F3 Search  F6 Raw  F7 Filte
