---
source: tests/tui_snapshot_test.rs
expression: output
---
 Live capture: any    Dialogs: 0 shown of 0    Autoscroll: on
 Capture filter (BPF): none
 View filter: none
┌ Help (↑/↓ scroll, Esc close) ────────────────────────────────────────────────┐
│sipnab — Keyboard Shortcuts                                                   │
│v0.0.0-test                                                                   │
│libpcap version 0.0.0-test; alternate capture backends named: none            │
│                                                                              │
│CALL LIST:                                                                    │
│  ↑/↓, j/k          Navigate dialogs                                          │
│  PgUp/PgDn         Page scroll                                               │
│  Home/End          Jump to first/last                                        │
│  Enter             Open call flow                                            │
│  Space             Select/deselect dialog                                    │
│  Esc, q            Quit (asks first, Ctrl+C quits at once)                   │
│  < / >             Change sort column                                        │
│  Z                 Reverse sort direction                                    │
│  A                 Toggle autoscroll                                         │
│  p                 Pause/resume capture                                      │
│  /                 Search (arrows/Space work while typing; Enter opens)      │
│  i                 Clear non-matching dialogs                                │
│  I                 Clear matching dialogs                                    │
│  F1, ?             This help (? works in every view)                         │
│  F2                Save capture: PCAP, PCAP-NG, TXT, SIPp, JSON, NDJSON, CSV,│
│                    HTML (Mermaid ladder), Markdown, WAV, RTP JSON, NOTES (Tab│
│                    cycles)                                                   │
│  F3                Search (same as /)                                        │
│  F5, Ctrl+L        Clear calls                                               │
│  r, F6             Show raw SIP message                                      │
│  F7                Filter dialog                                             │
│  F8                Settings                                                  │
│  t                 Cycle timestamps (absolute / delta from previous / delta  │
│                    from first / scaled)                                      │
│  u                 Cycle From/To (default/host:port/user/user@host:port)     │
│  n                 Cycle name resolution (off/static/DNS) — global           │
│  N                 Name selected address (IP -> host / FQDN)                 │
│  O                 Open pcap file                                            │
│  s                 Statistics view                                           │
└──────────────────────────────────────────────────────────────────────────────┘
Esc Close  ↑↓ Scroll  PgUp/Dn Page
