---
source: tests/tui_snapshot_test.rs
expression: output
---
┌ Help (Esc to close) ─────────────────────────────────────────────────────────┐
│sipnab v0.1.0-alpha — Keyboard Shortcuts                                      │
│                                                                              │
│Navigation:                                                                   │
│  ↑/↓ or j/k        Scroll list / view                                        │
│  Enter             Open selected item                                        │
│  Esc               Go back to previous view                                  │
│  Tab               Switch between Call List / Stream List                    │
│  Home / End        Jump to first / last item                                 │
│  PgUp / PgDn       Scroll by page                                            │
│  q                 Quit sipnab                                               │
│  Ctrl-C            Force quit                                                │
│                                                                              │
│Function Keys:                                                                │
│  F1                Help (this screen)                                        │
│  F2                Save selected dialog (or all) to pcap                     │
│  F3                Search (same as /)                                        │
│  F4                Extended call flow (toggle Via headers)                   │
│  F5                Compare two messages side-by-side                         │
│  F6                Switch to RTP Stream List                                 │
│  F7                Open filter dialog / clear filter                         │
│  F8                Settings                                                  │
│  F9                Clear active filter                                       │
│  F10               Column selection                                          │
│                                                                              │
│Views:                                                                        │
│  s                 Statistics view                                           │
│  /                 Search within current view                                │
│                                                                              │
│Call List:                                                                    │
│  Space             Toggle multi-select on current row                        │
│  Enter             Open Call Flow for selected dialog                        │
│                                                                              │
│Call Flow:                                                                    │
│  ↑/↓               Scroll through messages                                   │
│  Enter             View raw SIP message at current position                  │
│  Esc               Return to Call List                                       │
└──────────────────────────────────────────────────────────────────────────────┘
 Current Mode: Online (any)    Dialogs: 0    Match Expression:     BPF Filter:
F1 Help
