---
source: tests/tui_snapshot_test.rs
expression: output
---
 Current Mode: Online (any)    Dialogs: 3 (3 displayed)  [A]
 Match Expression:     BPF Filter:
 Display Filter:
  # ▲   Metho From To┌ Columns ───────────────────────────┐ Date   PDD    Durati
> [ ]1  INVIT 1001 10│> [x] #                             │ +0.000 1000ms 1m2s
  [ ]2  INVIT 1003 10│  [x] Method                        │ +5.000        1.0s
  [ ]3  INVIT 1005 10│  [x] From                          │ +5.000        2.0s
                     │  [x] To                            │
                     │  [x] Source                        │
                     │  [x] Destination                   │
                     │  [x] State                         │
                     │  [x] Msgs                          │
                     │  [x] Date                          │
                     │  [x] PDD                           │
                     │  [x] Duration                      │
                     │                                    │
                     │  Space: toggle  Enter: apply       │
                     │  s: save layout to config          │
                     │                                    │
                     └────────────────────────────────────┘



Esc Quit  F1 Help  Enter Show  Tab Streams  F2 Save  F3 Search  F6 Raw  F7 Filte
