---
source: tests/tui_snapshot_test.rs
expression: output
---
┌ Filter Expression (F7) ──────────────────────────────────────────────────────┐
│Enter filter expression (e.g., method == 'INVITE', state == 'Failed')         │
│                                                                              │
│Press Enter to apply, Esc to cancel                                           │
│                                                                              │
│                                                                              │
│                                                                              │
│                                                                              │
│                                                                              │
│                                                                              │
│                                                                              │
│                                                                              │
│                                                                              │
│                                                                              │
│                                                                              │
│                                                                              │
│                                                                              │
│                                                                              │
│                                                                              │
│                                                                              │
│                                                                              │
└──────────────────────────────────────────────────────────────────────────────┘
 Current Mode: Online (any)    Dialogs: 0    Match Expression:     BPF Filter:
F1 Help
